[1, 2, 1, 2, 3, 1, 1, 3, 1, 2, 3, 10, 1, 1, 3, 1, 2, 3, 7, 1]