[1, 1, 3, 4, 5, 1, 2, 1, 2, 1, 2, 7, 1, 9, 1, 1, 1, 2, 3, 4, 21, 1, 2, 3, 1, 2, 3, 1, 2, 1, 10, 1, 2, 1, 4, 1, 2, 7, 1, 9, 1, 1, 3, 1, 2, 1, 1, 8, 1, 19, 1, 2, 1, 2, 3, 4, 26, 1, 28, 1, 1, 1, 1, 43, 1, 1, 3, 4, 1, 2, 1, 4, 9, 53, 1, 1, 3, 78, 1, 2, 1, 4, 83, 1, 1, 1, 1, 3, 5, 7, 1, 2, 1, 1, 3, 13, 1, 2, 1, 1]